// Jest Snapshot v1, https://goo.gl/fbAQLP

exports[`renders correctly 1`] = `
<button
  className="Button-button-0-1-1 Button-button-0-1-3 "
  onClick={[Function]}
  type="button"
>
  some label
</button>
`;
